// Jest Snapshot v1, https://goo.gl/fbAQLP

exports[`<TodoForm /> matches sanpshot 1`] = `
<div>
  <form>
    <input
      placeholder="할 일을 입력하세요"
      value=""
    />
    <button
      type="submit"
    >
      등록
    </button>
  </form>
</div>
`;
